// Jest Snapshot v1, https://goo.gl/fbAQLP

exports[`NotFound.vue has the expected html structure 1`] = `
<div class="text-center text-4xl font-bold">
  NotFound
</div>
`;
