// Jest Snapshot v1, https://goo.gl/fbAQLP

exports[`Parameters.vue has the expected html structure 1`] = `
<div>
  <h1 class="pb-2">parameters</h1>
  <div class="flex justify-center pt-6">
    <form class="w-full max-w-xs">
      <div class="md:flex md:items-center mb-6">
        <div class="md:w-1/3"><label for="locale-changer" class="block font-bold md:text-right mb-1 md:mb-0 pr-4">language</label></div>
        <div class="md:w-2/3">
          <localechanger-stub></localechanger-stub>
        </div>
      </div>
    </form>
  </div>
</div>
`;
