// Jest Snapshot v1, https://goo.gl/fbAQLP

exports[`AddFoo.vue has the expected html structure 1`] = `
<div class="flex justify-center pt-6">
  <form class="w-full max-w-xs">
    <div class="md:flex md:items-center mb-6">
      <div class="md:w-1/3"><label for="add-foo" class="block text-grey font-bold md:text-right mb-1 md:mb-0 pr-4">Foo</label></div>
      <div class="md:w-2/3"><input id="add-foo" placeholder="default-placeholder" type="text" class="input"></div>
    </div>
    <!---->
    <div class="md:flex md:items-center">
      <div class="md:w-1/3"></div>
      <div class="md:w-2/3"><button type="button" class="btn btn-green px-4">add</button></div>
    </div>
  </form>
</div>
`;
