// Jest Snapshot v1, https://goo.gl/fbAQLP

exports[`Notification.vue has the expected html structure 1`] = `
<div class="fixed pin-b pin-x bg-white p-4 text-grey-darkest border-t border-grey-light">
  <div class="flex w-full justify-between items-center">
    <div class="hidden lg:flex"></div>
    <div class="flex mr-6"><span class="mr-2">
        info
      </span>
    </div>
    <div class="flex self-start"><button aria-label="Close notification" class="flex items-center px-3 py-2 text-grey-dark"><svg viewBox="0 0 20 20" xmlns="http://www.w3.org/2000/svg" class="fill-current h-4 w-4">
          <path d="M10 8.586L2.929 1.515 1.515 2.929 8.586 10l-7.071 7.071 1.414 1.414L10 11.414l7.071 7.071 1.414-1.414L11.414 10l7.071-7.071-1.414-1.414L10 8.586z"></path>
        </svg></button></div>
  </div>
</div>
`;
