// Jest Snapshot v1, https://goo.gl/fbAQLP

exports[`TransitionSlideUp.vue has the expected html structure 1`] = `undefined`;
