// Jest Snapshot v1, https://goo.gl/fbAQLP

exports[`GoogleSignInButton.vue has the expected html structure 1`] = `
<button id="btn-signin" type="button" class="btn btn-green">
  Sign In
</button>
`;
